
> @criweb/get-shit-done-dh@1.25.1 test
> node scripts/run-tests.cjs

▶ HDOC: anti-heredoc instruction
  ✖ gsd-codebase-mapper has anti-heredoc instruction (2.9632ms)
  ✖ gsd-debugger has anti-heredoc instruction (0.6794ms)
  ✖ gsd-executor has anti-heredoc instruction (0.5465ms)
  ✖ gsd-phase-researcher has anti-heredoc instruction (0.7425ms)
  ✖ gsd-planner has anti-heredoc instruction (0.7268ms)
  ✖ gsd-project-researcher has anti-heredoc instruction (0.3571ms)
  ✖ gsd-research-synthesizer has anti-heredoc instruction (0.2146ms)
  ✖ gsd-roadmapper has anti-heredoc instruction (0.645ms)
  ✖ gsd-ui-auditor has anti-heredoc instruction (0.5715ms)
  ✖ gsd-ui-researcher has anti-heredoc instruction (0.8113ms)
  ✖ gsd-verifier has anti-heredoc instruction (0.619ms)
  ✔ no active heredoc patterns in any agent file (10.0406ms)
✖ HDOC: anti-heredoc instruction (20.5843ms)
▶ SKILL: skills frontmatter absent
  ✔ gsd-codebase-mapper does not have skills: in frontmatter (0.6542ms)
  ✔ gsd-debugger does not have skills: in frontmatter (2.2246ms)
  ✔ gsd-executor does not have skills: in frontmatter (0.5598ms)
  ✔ gsd-integration-checker does not have skills: in frontmatter (0.3058ms)
  ✔ gsd-nyquist-auditor does not have skills: in frontmatter (0.2437ms)
  ✔ gsd-phase-researcher does not have skills: in frontmatter (0.3259ms)
  ✔ gsd-plan-checker does not have skills: in frontmatter (0.3111ms)
  ✔ gsd-planner does not have skills: in frontmatter (0.4213ms)
  ✔ gsd-project-researcher does not have skills: in frontmatter (0.5833ms)
  ✔ gsd-research-synthesizer does not have skills: in frontmatter (0.4384ms)
  ✔ gsd-roadmapper does not have skills: in frontmatter (0.3149ms)
  ✔ gsd-ui-auditor does not have skills: in frontmatter (0.2326ms)
  ✔ gsd-ui-checker does not have skills: in frontmatter (0.2765ms)
  ✔ gsd-ui-researcher does not have skills: in frontmatter (0.3134ms)
  ✔ gsd-user-profiler does not have skills: in frontmatter (0.5222ms)
  ✔ gsd-verifier does not have skills: in frontmatter (0.3403ms)
✔ SKILL: skills frontmatter absent (8.8908ms)
▶ HOOK: hooks frontmatter pattern
  ✔ gsd-codebase-mapper has commented hooks pattern (1.2796ms)
  ✔ gsd-debugger has commented hooks pattern (3.7262ms)
  ✔ gsd-executor has commented hooks pattern (0.4261ms)
  ✔ gsd-phase-researcher has commented hooks pattern (0.3069ms)
  ✔ gsd-planner has commented hooks pattern (0.38ms)
  ✔ gsd-project-researcher has commented hooks pattern (1.1741ms)
  ✔ gsd-research-synthesizer has commented hooks pattern (0.7338ms)
  ✔ gsd-roadmapper has commented hooks pattern (0.367ms)
  ✔ gsd-ui-auditor has commented hooks pattern (0.8597ms)
  ✔ gsd-ui-researcher has commented hooks pattern (0.3137ms)
  ✔ gsd-verifier has commented hooks pattern (0.3321ms)
  ✔ gsd-integration-checker (read-only) does not need hooks (0.3022ms)
  ✔ gsd-nyquist-auditor (read-only) does not need hooks (0.5902ms)
  ✔ gsd-plan-checker (read-only) does not need hooks (0.4467ms)
  ✔ gsd-ui-checker (read-only) does not need hooks (0.2812ms)
  ✔ gsd-user-profiler (read-only) does not need hooks (0.2186ms)
✔ HOOK: hooks frontmatter pattern (12.3836ms)
▶ SPAWN: spawn type consistency
  ✔ no "First, read agent .md" workaround pattern remains (10.3778ms)
  ✔ named agent spawns use correct agent names (8.5238ms)
  ✔ diagnose-issues uses gsd-debugger (not general-purpose) (0.3161ms)
✔ SPAWN: spawn type consistency (19.4424ms)
▶ AGENT: required frontmatter fields
  ✔ gsd-codebase-mapper has name, description, tools, color (0.5096ms)
  ✔ gsd-debugger has name, description, tools, color (0.4241ms)
  ✔ gsd-executor has name, description, tools, color (0.2799ms)
  ✔ gsd-integration-checker has name, description, tools, color (0.2341ms)
  ✔ gsd-nyquist-auditor has name, description, tools, color (0.1787ms)
  ✔ gsd-phase-researcher has name, description, tools, color (0.2449ms)
  ✔ gsd-plan-checker has name, description, tools, color (0.2644ms)
  ✔ gsd-planner has name, description, tools, color (0.3423ms)
  ✔ gsd-project-researcher has name, description, tools, color (0.2416ms)
  ✔ gsd-research-synthesizer has name, description, tools, color (0.1872ms)
  ✔ gsd-roadmapper has name, description, tools, color (0.2467ms)
  ✔ gsd-ui-auditor has name, description, tools, color (0.2123ms)
  ✔ gsd-ui-checker has name, description, tools, color (0.2092ms)
  ✔ gsd-ui-researcher has name, description, tools, color (0.215ms)
  ✔ gsd-user-profiler has name, description, tools, color (0.1762ms)
  ✔ gsd-verifier has name, description, tools, color (0.2133ms)
✔ AGENT: required frontmatter fields (5.053ms)

[36m   ██████╗ ███████╗██████╗
  ██╔════╝ ██╔════╝██╔══██╗
  ██║  ███╗███████╗██║  ██║
  ██║   ██║╚════██║██║  ██║
  ╚██████╔╝███████║██████╔╝
   ╚═════╝ ╚══════╝╚═════╝[0m

  Get Shit Done [2mv1.25.1[0m
  A meta-prompting, context engineering and spec-driven
  development system for Claude Code, OpenCode, Gemini, Codex, Copilot, Antigravity, and CodeBuddy by TÂCHES.

▶ getDirName (Antigravity)
  ✔ returns .agent for antigravity (2.0222ms)
  ✔ does not break existing runtimes (0.2103ms)
✔ getDirName (Antigravity) (3.6977ms)
▶ getGlobalDir (Antigravity)
  ✔ returns ~/.gemini/antigravity by default (0.7355ms)
  ✔ respects ANTIGRAVITY_CONFIG_DIR env var (0.4615ms)
  ✔ explicit config-dir overrides env var (0.368ms)
  ✔ does not change Claude Code global dir (1.0656ms)
✔ getGlobalDir (Antigravity) (3.6709ms)
▶ getConfigDirFromHome (Antigravity)
  ✔ returns .agent for local installs (1.6993ms)
  ✔ returns .gemini, antigravity for global installs (0.2839ms)
  ✔ does not change other runtimes (0.658ms)
✔ getConfigDirFromHome (Antigravity) (2.913ms)
▶ convertClaudeToAntigravityContent
  ▶ global install path replacements
    ✔ replaces ~/. claude/ with ~/.gemini/antigravity/ (0.3384ms)
    ✔ replaces $HOME/.claude/ with $HOME/.gemini/antigravity/ (0.1098ms)
  ✔ global install path replacements (0.5407ms)
  ▶ local install path replacements
    ✔ replaces ~/.claude/ with .agent/ for local installs (0.0918ms)
    ✔ replaces ./.claude/ with ./.agent/ (0.1327ms)
    ✔ replaces .claude/ with .agent/ (0.1776ms)
  ✔ local install path replacements (0.525ms)
  ▶ command name conversion
    ✔ converts /gsd:command to /gsd-command (0.1453ms)
    ✔ converts all gsd: references (0.1096ms)
  ✔ command name conversion (0.3464ms)
  ✔ does not modify unrelated content (0.0906ms)
✔ convertClaudeToAntigravityContent (2.3121ms)
▶ convertClaudeCommandToAntigravitySkill
  ✔ produces name and description only in frontmatter (0.4321ms)
  ✔ applies path replacement in body (0.1947ms)
  ✔ uses provided skillName for name field (0.0885ms)
  ✔ converts gsd: command references in body (0.0703ms)
  ✔ returns unchanged content when no frontmatter (0.0766ms)
✔ convertClaudeCommandToAntigravitySkill (1.0081ms)
▶ convertClaudeAgentToAntigravityAgent
  ✔ preserves name and description (0.3505ms)
  ✔ maps Claude tools to Gemini tool names (0.1697ms)
  ✔ preserves color field (0.1313ms)
  ✔ applies path replacement in body (0.0672ms)
  ✔ uses global path for global installs (0.0603ms)
  ✔ excludes Task tool (filtered by convertGeminiToolName) (0.0602ms)
✔ convertClaudeAgentToAntigravityAgent (1.1347ms)
▶ copyCommandsAsAntigravitySkills
  ✔ creates skills directory (22.9269ms)
  ✔ creates one skill directory per command with SKILL.md (15.3274ms)
  ✔ handles subdirectory commands with prefixed names (18.952ms)
  ✔ SKILL.md has minimal frontmatter (name + description only) (17.735ms)
  ✔ SKILL.md body has paths converted for local install (22.3327ms)
  ✔ removes old gsd-* skill dirs before reinstalling (21.6722ms)
  ✔ does not remove non-gsd skill dirs (13.5069ms)
✔ copyCommandsAsAntigravitySkills (133.6014ms)
▶ writeManifest (Antigravity)
  ✔ writes manifest JSON file (45.6734ms)
  ✔ manifest includes skills in skills/ directory (33.1242ms)
  ✔ manifest includes agent files (32.9528ms)
✔ writeManifest (Antigravity) (112.0783ms)

[36m   ██████╗ ███████╗██████╗
  ██╔════╝ ██╔════╝██╔══██╗
  ██║  ███╗███████╗██║  ██║
  ██║   ██║╚════██║██║  ██║
  ╚██████╔╝███████║██████╔╝
   ╚═════╝ ╚══════╝╚═════╝[0m

  Get Shit Done [2mv1.25.1[0m
  A meta-prompting, context engineering and spec-driven
  development system for Claude Code, OpenCode, Gemini, Codex, Copilot, Antigravity, and CodeBuddy by TÂCHES.

▶ getCodexSkillAdapterHeader
  ✔ contains all three sections (0.7173ms)
  ✔ includes correct invocation syntax (1.2158ms)
  ✔ section B maps AskUserQuestion parameters (0.1635ms)
  ✔ section C maps Task to spawn_agent (0.1324ms)
✔ getCodexSkillAdapterHeader (3.3347ms)
▶ convertClaudeAgentToCodexAgent
  ✔ adds codex_agent_role header and cleans frontmatter (0.8909ms)
  ✔ converts slash commands in body (0.2444ms)
  ✔ handles content without frontmatter (0.1989ms)
✔ convertClaudeAgentToCodexAgent (1.6065ms)
▶ generateCodexAgentToml
  ✔ sets workspace-write for executor (0.3647ms)
  ✔ sets read-only for plan-checker (0.1097ms)
  ✔ includes developer_instructions from body (0.162ms)
  ✔ defaults unknown agents to read-only (0.1016ms)
✔ generateCodexAgentToml (0.9709ms)
▶ CODEX_AGENT_SANDBOX
  ✔ has all 11 agents mapped (0.1284ms)
  ✔ workspace-write agents have write tools (0.1148ms)
  ✔ read-only agents have no write tools (0.0658ms)
✔ CODEX_AGENT_SANDBOX (0.3896ms)
▶ generateCodexConfigBlock
  ✔ starts with GSD marker (0.1021ms)
  ✔ does not include feature flags or agents table header (0.1663ms)
  ✔ includes per-agent sections (0.1019ms)
✔ generateCodexConfigBlock (0.4653ms)
▶ stripGsdFromCodexConfig
  ✔ returns null for GSD-only config (0.3492ms)
  ✔ preserves user content before marker (0.1907ms)
  ✔ strips injected feature keys without marker (0.1961ms)
  ✔ removes empty [features] section (0.1015ms)
  ✔ strips injected keys above marker on uninstall (0.1036ms)
  ✔ removes [agents.gsd-*] sections (0.0719ms)
✔ stripGsdFromCodexConfig (1.19ms)
▶ mergeCodexConfig
  ✔ case 1: creates new config.toml (4.8377ms)
  ✔ case 2: replaces existing GSD block (4.6401ms)
  ✔ case 3: appends to config without GSD marker (5.7922ms)
  ✔ case 3 with existing [features]: preserves user features, does not inject GSD keys (7.0997ms)
  ✔ idempotent: re-merge produces same result (19.427ms)
  ✔ case 2 after case 3 with existing [features]: no duplicate sections (22.0935ms)
  ✔ case 2 does not inject feature keys (7.8483ms)
  ✔ case 2 strips leaked [agents] and [agents.gsd-*] from before content (32.9422ms)
  ✔ case 2 idempotent after case 3 with existing [features] (20.3368ms)
✔ mergeCodexConfig (125.8694ms)
▶ installCodexConfig (integration)
  ✔ generates config.toml and agent .toml files (44.5948ms)
✔ installCodexConfig (integration) (44.7743ms)
✔ tests\commands.test.cjs (9712.8086ms)
▶ config-ensure-section command
  ✔ creates config.json with expected structure and types (221.0246ms)
  ✔ is idempotent — returns already_exists on second call (311.4366ms)
  ✔ detects Brave Search from file-based key (141.3357ms)
  ✔ merges user defaults from defaults.json (133.9169ms)
  ✔ merges nested workflow keys from defaults.json preserving unset keys (125.6123ms)
✔ config-ensure-section command (940.7329ms)
▶ config-set command
  ✔ sets a top-level string value (321.914ms)
  ✔ coerces true to boolean (337.9316ms)
  ✔ coerces false to boolean (258.8078ms)
  ✔ coerces numeric strings to numbers (272.8999ms)
  ✔ preserves plain strings (275.8812ms)
  ✔ sets nested values via dot-notation (310.9658ms)
  ✔ auto-creates nested objects for dot-notation (211.4785ms)
  ✔ rejects unknown config keys (382.6495ms)
  ✔ errors when no key path provided (458.6654ms)
  ✔ rejects known invalid nyquist alias keys with a suggestion (215.4936ms)
✔ config-set command (3047.7857ms)
▶ config-get command
  ✔ gets a top-level value (208.1803ms)
  ✔ gets a nested value via dot-notation (217.9186ms)
  ✔ errors for nonexistent key (195.712ms)
  ✔ errors for deeply nested nonexistent key (532.7254ms)
  ✔ errors when config.json does not exist (210.8054ms)
  ✔ errors when no key path provided (194.8324ms)
✔ config-get command (1560.9326ms)

[36m   ██████╗ ███████╗██████╗
  ██╔════╝ ██╔════╝██╔══██╗
  ██║  ███╗███████╗██║  ██║
  ██║   ██║╚════██║██║  ██║
  ╚██████╔╝███████║██████╔╝
   ╚═════╝ ╚══════╝╚═════╝[0m

  Get Shit Done [2mv1.25.1[0m
  A meta-prompting, context engineering and spec-driven
  development system for Claude Code, OpenCode, Gemini, Codex, Copilot, Antigravity, and CodeBuddy by TÂCHES.

▶ getDirName (Copilot)
  ✔ returns .github for copilot (0.7804ms)
  ✔ does not break existing runtimes (0.1676ms)
✔ getDirName (Copilot) (1.9566ms)
▶ getGlobalDir (Copilot)
  ✔ returns ~/.copilot with no env var or explicit dir (0.4646ms)
  ✔ returns explicit dir when provided (0.1523ms)
  ✔ respects COPILOT_CONFIG_DIR env var (0.3242ms)
  ✔ explicit dir takes priority over COPILOT_CONFIG_DIR (0.1896ms)
  ✔ does not break existing runtimes (0.1669ms)
✔ getGlobalDir (Copilot) (1.6641ms)
▶ getConfigDirFromHome (Copilot)
  ✔ returns .github path string for local (isGlobal=false) (0.2107ms)
  ✔ returns .copilot path string for global (isGlobal=true) (0.145ms)
  ✔ does not break existing runtimes (0.1958ms)
✔ getConfigDirFromHome (Copilot) (0.8166ms)
▶ Source code integration (Copilot)
  ✔ CLI-01: --copilot flag parsing exists (0.2902ms)
  ✔ CLI-03: --all array includes copilot (0.1371ms)
  ✔ CLI-06: banner text includes Copilot (0.0533ms)
  ✔ CLI-06: help text includes --copilot (0.0508ms)
  ✔ CLI-02: promptRuntime has Copilot as option 5 (0.1927ms)
  ✔ CLI-02: promptRuntime has All option including copilot (0.2121ms)
  ✔ isCopilot variable exists in install function (0.1128ms)
  ✔ hooks are skipped for Copilot (0.0853ms)
  ✔ --both flag unchanged (still claude + opencode only) (0.0892ms)
✔ Source code integration (Copilot) (1.4857ms)
▶ convertCopilotToolName
  ✔ maps Read to read (0.2349ms)
  ✔ maps Write to edit (0.0586ms)
  ✔ maps Edit to edit (same as Write) (0.1396ms)
  ✔ maps Bash to execute (0.0553ms)
  ✔ maps Grep to search (0.6025ms)
  ✔ maps Glob to search (same as Grep) (0.2692ms)
  ✔ maps Task to agent (0.1054ms)
  ✔ maps WebSearch to web (0.0696ms)
  ✔ maps WebFetch to web (same as WebSearch) (0.0789ms)
  ✔ maps TodoWrite to todo (0.1313ms)
  ✔ maps AskUserQuestion to ask_user (0.3416ms)
  ✔ maps SlashCommand to skill (0.1594ms)
  ✔ maps mcp__context7__ prefix to io.github.upstash/context7/ (0.0919ms)
  ✔ maps mcp__context7__* wildcard (0.1632ms)
  ✔ lowercases unknown tools as fallback (0.2189ms)
  ✔ mapping constant has 13 entries (12 direct + mcp handled separately) (0.1743ms)
✔ convertCopilotToolName (3.5703ms)
▶ convertClaudeToCopilotContent
  ✔ replaces ~/.claude/ with .github/ in local mode (default) (1.2902ms)
  ✔ replaces ~/.claude/ with ~/.copilot/ in global mode (0.1323ms)
  ✔ replaces ./.claude/ with ./.github/ (1.3718ms)
  ✔ replaces bare .claude/ with .github/ (0.3298ms)
  ✔ replaces $HOME/.claude/ with .github/ in local mode (default) (0.3543ms)
  ✔ replaces $HOME/.claude/ with $HOME/.copilot/ in global mode (0.2681ms)
  ✔ converts gsd: to gsd- in command names (0.1048ms)
  ✔ handles mixed content in local mode (0.1193ms)
  ✔ handles mixed content in global mode (0.1775ms)
  ✔ does not double-replace in local mode (0.8978ms)
  ✔ does not double-replace in global mode (0.1584ms)
  ✔ preserves content with no matches (0.0949ms)
✔ convertClaudeToCopilotContent (5.8058ms)
▶ convertClaudeCommandToCopilotSkill
  ✔ converts frontmatter with all fields (1.6455ms)
  ✔ handles skill without allowed-tools (2.6284ms)
  ✔ handles skill without argument-hint (0.1437ms)
  ✔ argument-hint with inner single quotes uses double-quote YAML delimiter (0.1885ms)
  ✔ applies CONV-06 path conversion to body (local mode) (0.09ms)
  ✔ applies CONV-06 path conversion to body (global mode) (0.0746ms)
  ✔ applies CONV-07 command name conversion to body (0.1009ms)
  ✔ handles content without frontmatter (local mode) (0.0841ms)
  ✔ preserves agent field in frontmatter (0.2213ms)
✔ convertClaudeCommandToCopilotSkill (5.4579ms)
▶ convertClaudeAgentToCopilotAgent
  ✔ maps and deduplicates tools (0.4686ms)
  ✔ formats tools as JSON array (0.2291ms)
  ✔ preserves name description and color (0.1015ms)
  ✔ handles mcp__context7__ tools (0.0793ms)
  ✔ handles agent with no tools field (0.0667ms)
  ✔ applies CONV-06 and CONV-07 to body (local mode) (0.1502ms)
  ✔ applies CONV-06 and CONV-07 to body (global mode) (0.0946ms)
  ✔ handles content without frontmatter (local mode) (0.0793ms)
✔ convertClaudeAgentToCopilotAgent (1.5054ms)
▶ copyCommandsAsCopilotSkills
  ✔ creates skill folders from source commands (121.855ms)
  ✔ skill content has Copilot frontmatter format (74.2996ms)
  ✖ generates gsd-autonomous skill from autonomous.md command (73.2466ms)
  ✔ autonomous skill body converts gsd: to gsd- (CONV-07) (0.4126ms)
  ✔ cleans up old skill directories on re-run (94.8701ms)
✖ copyCommandsAsCopilotSkills (365.9071ms)
▶ Copilot agent conversion - real files
  ✔ converts gsd-executor agent correctly (0.9433ms)
  ✔ converts agent with mcp wildcard tools correctly (0.5799ms)
  ✔ all 16 agents convert without error (5.9223ms)
✔ Copilot agent conversion - real files (7.7157ms)
▶ Copilot content conversion - engine files
  ✔ converts engine .md files correctly (local mode default) (0.5372ms)
  ✔ converts engine .md files correctly (global mode) (0.2954ms)
  ✔ converts engine .cjs files correctly (0.4173ms)
✔ Copilot content conversion - engine files (1.4205ms)
▶ Copilot instructions merge/strip
  ▶ mergeCopilotInstructions
    ✔ creates file from scratch when none exists (11.804ms)
    ✔ replaces GSD section when both markers present (11.8376ms)
    ✔ appends to existing file when no markers present (21.8617ms)
    ✔ handles file that is GSD-only (re-creates cleanly) (13.5011ms)
    ✔ preserves user content before and after markers (5.0627ms)
  ✔ mergeCopilotInstructions (64.5875ms)
  ▶ stripGsdFromCopilotInstructions
    ✔ returns null when content is GSD-only (0.3392ms)
    ✔ returns cleaned content when user content exists before markers (0.1215ms)
    ✔ returns cleaned content when user content exists after markers (0.0813ms)
    ✔ returns cleaned content preserving both before and after (0.0721ms)
    ✔ returns original content when no markers found (0.0485ms)
  ✔ stripGsdFromCopilotInstructions (0.8078ms)
✔ Copilot instructions merge/strip (65.5745ms)
▶ Copilot uninstall skill removal
  ✔ identifies gsd-* skill directories for removal (13.5427ms)
  ✔ cleans GSD section from copilot-instructions.md on uninstall (1.278ms)
  ✔ deletes copilot-instructions.md when GSD-only on uninstall (1.1359ms)
✔ Copilot uninstall skill removal (16.1696ms)
▶ Copilot manifest and patches fixes
  ✔ writeManifest hashes skills for Copilot runtime (34.3085ms)
  ✔ reportLocalPatches shows /gsd-reapply-patches for Copilot (12.761ms)
  ✔ reportLocalPatches shows /gsd:reapply-patches for Claude (unchanged) (13.1599ms)
✔ Copilot manifest and patches fixes (60.507ms)
▶ E2E: Copilot full install verification
  ✔ installs expected number of skill directories (616.5403ms)
  ✔ each skill directory contains SKILL.md (409.1581ms)
  ✔ installs expected number of agent files (391.4529ms)
  ✔ installs all expected agent files (438.9427ms)
  ✔ generates copilot-instructions.md with GSD markers (394.4824ms)
  ✔ creates manifest with correct structure (668.8872ms)
  ✔ manifest contains expected file categories (336.1831ms)
  ✔ manifest SHA256 hashes match actual file contents (398.3077ms)
  ✔ engine directory contains required subdirectories and files (342.6594ms)
✔ E2E: Copilot full install verification (3997.3926ms)
▶ E2E: Copilot uninstall verification
  ✔ removes engine directory (748.6717ms)
  ✔ removes copilot-instructions.md (398.2081ms)
  ✔ removes all GSD skill directories (462.9779ms)
  ✔ removes all GSD agent files (419.8975ms)
  ✔ preserves non-GSD content in skills directory (776.1184ms)
  ✔ preserves non-GSD content in agents directory (940.0522ms)
✔ E2E: Copilot uninstall verification (3746.4198ms)
▶ loadConfig
  ✔ returns defaults when config.json is missing (5.4372ms)
  ✔ reads model_profile from config.json (8.3108ms)
  ✔ reads nested config keys (15.8507ms)
  ✔ reads branching_strategy from git section (5.9532ms)
  ✔ returns model_overrides when present (REG-01) (6.3949ms)
  ✔ returns model_overrides as null when not in config (5.7389ms)
  ✔ returns defaults when config.json contains invalid JSON (20.4081ms)
  ✔ handles parallelization as boolean (18.8359ms)
  ✔ handles parallelization as object with enabled field (7.122ms)
  ✔ prefers top-level keys over nested keys (12.172ms)
✔ loadConfig (108.2967ms)
▶ resolveModelInternal
  ▶ model profile structural validation
    ✔ all known agents resolve to a valid string for each profile (12.9236ms)
    ✔ inherit profile forces all known agents to inherit model (3.616ms)
  ✔ model profile structural validation (16.8024ms)
  ▶ override precedence
    ✔ per-agent override takes precedence over profile (5.7279ms)
    ✔ opus override resolves to opus (3.5395ms)
    ✔ agents not in override fall back to profile (16.9056ms)
  ✔ override precedence (26.5098ms)
  ▶ edge cases
    ✔ returns sonnet for unknown agent type (5.8255ms)
    ✔ returns sonnet for unknown agent type even with inherit profile (14.796ms)
    ✔ defaults to balanced profile when model_profile missing (3.6519ms)
  ✔ edge cases (24.616ms)
✔ resolveModelInternal (68.2253ms)
▶ escapeRegex
  ✔ escapes dots (0.3859ms)
  ✔ escapes all special regex characters (0.197ms)
  ✔ handles empty string (0.1113ms)
  ✔ returns plain string unchanged (0.0833ms)
✔ escapeRegex (0.9796ms)
▶ generateSlugInternal
  ✔ converts text to lowercase kebab-case (0.2883ms)
  ✔ removes special characters (0.0969ms)
  ✔ trims leading and trailing hyphens (0.0883ms)
  ✔ returns null for null input (0.0606ms)
  ✔ returns null for empty string (0.0574ms)
✔ generateSlugInternal (0.7704ms)
▶ normalizePhaseName
  ✔ pads single digit (0.3633ms)
  ✔ preserves double digit (0.1456ms)
  ✔ handles letter suffix (0.0634ms)
  ✔ handles decimal phases (0.0467ms)
  ✔ handles multi-level decimals (0.0417ms)
  ✔ returns non-matching input unchanged (0.0414ms)
✔ normalizePhaseName (2.3245ms)
▶ comparePhaseNum
  ✔ sorts integer phases numerically (0.265ms)
  ✔ sorts letter suffixes (0.0765ms)
  ✔ sorts decimal phases (0.1165ms)
  ✔ handles multi-level decimals (0.0882ms)
  ✔ returns 0 for equal phases (0.0809ms)
✔ comparePhaseNum (0.7589ms)
▶ safeReadFile
  ✔ reads existing file (4.2653ms)
  ✔ returns null for missing file (2.3537ms)
✔ safeReadFile (6.8509ms)
▶ pathExistsInternal
  ✔ returns true for existing path (2.3886ms)
  ✔ returns false for non-existing path (2.5761ms)
  ✔ handles absolute paths (2.5935ms)
✔ pathExistsInternal (7.7823ms)
▶ getMilestoneInfo
  ✔ extracts version and name from roadmap (3.8361ms)
  ✔ returns defaults when roadmap missing (5.4481ms)
  ✔ returns active milestone when shipped milestone is collapsed in details block (4.3462ms)
  ✔ returns active milestone when multiple shipped milestones exist in details blocks (3.772ms)
  ✔ returns defaults when roadmap has no heading matches (15.0403ms)
✔ getMilestoneInfo (32.907ms)
▶ searchPhaseInDir
  ✔ finds phase directory by normalized prefix (3.4157ms)
  ✔ returns plans and summaries (5.3471ms)
  ✔ identifies incomplete plans (5.2804ms)
  ✔ detects research and context files (5.0184ms)
  ✔ returns null when phase not found (3.0626ms)
  ✔ generates phase_slug from directory name (4.8475ms)
✔ searchPhaseInDir (27.5402ms)
▶ findPhaseInternal
  ✔ finds phase in current phases directory (5.9885ms)
  ✔ returns null for non-existent phase (4.8694ms)
  ✔ returns null for null phase (2.8046ms)
  ✔ searches archived milestones when not in current (5.4656ms)
✔ findPhaseInternal (19.6029ms)
▶ getRoadmapPhaseInternal
  ✔ is exported from core.cjs (REG-02) (5.6576ms)
  ✔ extracts phase name and goal from roadmap (4.4251ms)
  ✔ returns goal when Goal uses colon-outside-bold format (4.4673ms)
  ✔ returns null when roadmap missing (3.5027ms)
  ✔ returns null when phase not in roadmap (6.1091ms)
  ✔ returns null for null phase number (1.9375ms)
  ✔ extracts full section text (4.2454ms)
✔ getRoadmapPhaseInternal (30.984ms)
▶ getMilestonePhaseFilter
  ✔ filters directories to only current milestone phases (10.4394ms)
  ✔ returns pass-all filter when ROADMAP.md is missing (7.3115ms)
  ✔ returns pass-all filter when ROADMAP has no phase headings (10.907ms)
  ✔ handles letter-suffix phases (e.g. 3A) (5.7932ms)
  ✔ handles decimal phases (e.g. 5.1) (6.5013ms)
  ✔ returns false for non-phase directory names (6.1759ms)
  ✔ phaseCount reflects ROADMAP phase count (6.6421ms)
  ✔ phaseCount is 0 when ROADMAP is missing (4.6185ms)
  ✔ phaseCount is 0 when ROADMAP has no phase headings (4.9148ms)
✔ getMilestonePhaseFilter (64.2191ms)
▶ normalizeMd
  ✔ returns null/undefined/empty unchanged (0.4141ms)
  ✔ MD022: adds blank lines around headings (0.3495ms)
  ✔ MD032: adds blank line before list after non-list content (0.1706ms)
  ✔ MD032: adds blank line after list before non-list content (0.1539ms)
  ✔ MD032: does not add extra blank lines between list items (0.0852ms)
  ✔ MD031: adds blank lines around fenced code blocks (0.1244ms)
  ✔ MD012: collapses 3+ consecutive blank lines to 2 (0.1166ms)
  ✔ MD047: ensures file ends with single newline (0.1454ms)
  ✔ MD047: trims trailing multiple newlines (0.0572ms)
  ✔ preserves frontmatter delimiters (0.0532ms)
  ✔ handles CRLF line endings (0.0491ms)
  ✔ handles ordered lists (0.1167ms)
  ✔ does not add blank line between table and list (0.1268ms)
  ✔ complex real-world STATE.md-like content (0.4728ms)
✔ normalizeMd (2.9375ms)
▶ dispatcher error paths
  ✔ no-command invocation prints usage and exits non-zero (199.7188ms)
  ✔ unknown command produces clear error and exits non-zero (187.8105ms)
  ✔ --cwd= form overrides working directory (141.7969ms)
  ✔ --cwd= with empty value produces error (129.3245ms)
  ✔ --cwd with invalid path produces error (166.075ms)
  ✔ template unknown subcommand errors (141.2977ms)
  ✔ frontmatter unknown subcommand errors (155.0707ms)
  ✔ verify unknown subcommand errors (129.8541ms)
  ✔ phases unknown subcommand errors (176.7119ms)
  ✔ roadmap unknown subcommand errors (165.9359ms)
  ✔ requirements unknown subcommand errors (144.7762ms)
  ✔ phase unknown subcommand errors (138.4246ms)
  ✔ milestone unknown subcommand errors (134.7991ms)
  ✔ validate unknown subcommand errors (178.5139ms)
  ✔ todo unknown subcommand errors (188.5558ms)
  ✔ init unknown workflow errors (161.7155ms)
✔ dispatcher error paths (2543.0492ms)
▶ dispatcher routing branches
  ✔ find-phase locates phase directory by number (132.5516ms)
  ✔ init resume returns valid JSON (107.3772ms)
  ✔ init verify-work returns valid JSON (110.6478ms)
  ✔ roadmap update-plan-progress updates phase progress (112.1969ms)
  ✔ state with no subcommand calls cmdStateLoad (281.0801ms)
  ✔ summary-extract parses SUMMARY.md frontmatter (381.3559ms)
✔ dispatcher routing branches (1125.8362ms)
▶ frontmatter get
  ✔ returns all fields as JSON (183.7809ms)
  ✔ returns specific field with --field (235.1134ms)
  ✔ returns error for missing field (149.6141ms)
  ✔ returns error for missing file (136.8219ms)
  ✔ handles file with no frontmatter (123.0477ms)
✔ frontmatter get (829.6988ms)
▶ frontmatter set
  ✔ updates existing field (240.2906ms)
  ✔ adds new field (120.9759ms)
  ✔ handles JSON array value (119.4448ms)
  ✔ returns error for missing file (134.826ms)
  ✔ preserves body content after set (142.4322ms)
✔ frontmatter set (758.8363ms)
▶ frontmatter merge
  ✔ merges multiple fields into frontmatter (91.2029ms)
  ✔ overwrites existing fields on conflict (105.2424ms)
  ✔ returns error for missing file (112.5599ms)
  ✔ returns error for invalid JSON data (133.7276ms)
✔ frontmatter merge (443.1859ms)
▶ frontmatter validate
  ✔ reports valid for complete plan frontmatter (161.5036ms)
  ✔ reports invalid with missing fields (157.729ms)
  ✔ validates against summary schema (178.2501ms)
  ✔ validates against verification schema (142.7036ms)
  ✔ returns error for unknown schema (115.5607ms)
  ✔ returns error for missing file (111.6434ms)
✔ frontmatter validate (867.9532ms)
▶ extractFrontmatter
  ✔ parses simple key-value pairs (1.1152ms)
  ✔ strips quotes from values (0.2324ms)
  ✔ parses nested objects (0.767ms)
  ✔ parses block arrays (0.1891ms)
  ✔ parses inline arrays (0.1926ms)
  ✔ handles quoted commas in inline arrays — REG-04 known limitation (0.1827ms)
  ✔ returns empty object for no frontmatter (0.0892ms)
  ✔ returns empty object for empty frontmatter (0.1294ms)
  ✔ parses frontmatter-only content (0.1788ms)
  ✔ handles emoji and non-ASCII in values (0.1656ms)
  ✔ converts empty-object placeholders to arrays when dash items follow (0.4753ms)
  ✔ skips empty lines in YAML body (0.2209ms)
✔ extractFrontmatter (18.9684ms)
▶ reconstructFrontmatter
  ✔ serializes simple key-value (3.478ms)
  ✔ serializes empty array as inline [] (0.5005ms)
  ✔ serializes short string arrays inline (0.2717ms)
  ✔ serializes long arrays as block (0.1623ms)
  ✔ quotes values containing colons or hashes (0.2767ms)
  ✔ serializes nested objects with proper indentation (0.1473ms)
  ✔ serializes nested arrays within objects (0.0933ms)
  ✔ skips null and undefined values (0.0917ms)
  ✔ round-trip: simple frontmatter (0.1287ms)
  ✔ round-trip: nested with arrays (0.1737ms)
  ✔ round-trip: multiple data types (2.9752ms)
✔ reconstructFrontmatter (8.8342ms)
▶ spliceFrontmatter
  ✔ replaces existing frontmatter preserving body (0.2834ms)
  ✔ adds frontmatter to content without any (0.1605ms)
  ✔ preserves content after frontmatter delimiters exactly (0.0926ms)
✔ spliceFrontmatter (0.7532ms)
▶ parseMustHavesBlock
  ✔ extracts truths as string array (0.4829ms)
  ✔ extracts artifacts as object array (0.5708ms)
  ✔ extracts key_links with from/to/via/pattern fields (0.224ms)
  ✔ returns empty array when block not found (0.1689ms)
  ✔ returns empty array when no frontmatter (0.0943ms)
  ✔ handles nested arrays within artifact objects (0.2338ms)
✔ parseMustHavesBlock (2.1136ms)

[36m   ██████╗ ███████╗██████╗
  ██╔════╝ ██╔════╝██╔══██╗
  ██║  ███╗███████╗██║  ██║
  ██║   ██║╚════██║██║  ██║
  ╚██████╔╝███████║██████╔╝
   ╚═════╝ ╚══════╝╚═════╝[0m

  Get Shit Done [2mv1.25.1[0m
  A meta-prompting, context engineering and spec-driven
  development system for Claude Code, OpenCode, Gemini, Codex, Copilot, Antigravity, and CodeBuddy by TÂCHES.

▶ convertClaudeToGeminiAgent
  ✔ drops unsupported skills frontmatter while keeping converted tools (1.2107ms)
✔ convertClaudeToGeminiAgent (2.1528ms)
▶ init commands
  ✔ init execute-phase returns file paths (151.636ms)
  ✔ init plan-phase returns file paths (244.7563ms)
  ✔ init progress returns file paths (129.028ms)
  ✔ init phase-op returns core and optional phase file paths (131.1931ms)
  ✔ init plan-phase omits optional paths if files missing (143.5157ms)
  ✔ init plan-phase extracts phase_req_ids from ROADMAP (218.3435ms)
  ✔ init plan-phase strips brackets from phase_req_ids (141.365ms)
  ✔ init plan-phase returns null phase_req_ids when Requirements line is absent (193.9948ms)
  ✔ init plan-phase returns null phase_req_ids when ROADMAP is absent (163.3869ms)
  ✔ init execute-phase extracts phase_req_ids from ROADMAP (152.6397ms)
  ✔ init plan-phase returns null phase_req_ids when value is TBD (140.812ms)
  ✔ init execute-phase returns null phase_req_ids when Requirements line is absent (137.5978ms)
✔ init commands (1950.4616ms)
▶ cmdInitTodos
  ✔ empty pending dir returns zero count (134.4289ms)
  ✔ missing pending dir returns zero count (125.0195ms)
  ✔ multiple todos with fields are read correctly (102.9774ms)
  ✔ area filter returns only matching todos (190.2801ms)
  ✔ area filter miss returns zero count (149.9379ms)
  ✔ malformed file uses defaults (119.5278ms)
  ✔ non-md files are ignored (155.143ms)
✔ cmdInitTodos (978.0254ms)
▶ cmdInitMilestoneOp
  ✔ no phase directories returns zero counts (282.9085ms)
  ✔ multiple phases with no summaries (363.2185ms)
  ✔ mix of complete and incomplete phases (103.0244ms)
  ✔ all phases complete (113.2301ms)
  ✔ archive directory scanning (116.2977ms)
  ✔ no archive directory returns empty (114.4171ms)
✔ cmdInitMilestoneOp (1093.7273ms)
▶ cmdInitPhaseOp fallback
  ✔ normal path with existing directory (105.1105ms)
  ✔ fallback to ROADMAP when no directory exists (103.7003ms)
  ✔ prefers current milestone roadmap entry over archived phase with same number (123.7902ms)
  ✔ neither directory nor roadmap entry returns not found (100.57ms)
✔ cmdInitPhaseOp fallback (433.6616ms)
▶ cmdInitProgress
  ✔ no phases returns empty state (79.505ms)
  ✔ multiple phases with mixed statuses (443.646ms)
  ✔ researched status detected correctly (106.0283ms)
  ✔ all phases complete returns no current or next (97.2863ms)
  ✔ paused_at detected from STATE.md (89.1428ms)
  ✔ no paused_at when STATE.md has no pause line (94.7686ms)
✔ cmdInitProgress (910.9591ms)
▶ cmdInitQuick
  ✔ with description generates slug and task_dir with YYMMDD-xxx format (94.9801ms)
  ✔ without description returns null slug and task_dir (98.8127ms)
  ✔ two rapid calls produce different quick_ids (no collision within 2s window) (223.6071ms)
  ✔ long description truncates slug to 40 chars (101.0976ms)
✔ cmdInitQuick (518.927ms)
▶ cmdInitMapCodebase
  ✔ no codebase dir returns empty (102.4654ms)
  ✔ with existing maps lists md files only (85.2897ms)
  ✔ empty codebase dir returns no maps (104.3999ms)
✔ cmdInitMapCodebase (292.4448ms)
▶ cmdInitNewProject
  ✔ greenfield project with no code (151.2542ms)
  ✔ brownfield with package.json detected (120.4594ms)
  ✔ brownfield with codebase map does not need map (107.0749ms)
  ✔ planning_exists flag is correct (117.6434ms)
✔ cmdInitNewProject (496.8332ms)
▶ cmdInitNewMilestone
  ✔ returns expected fields (91.8187ms)
  ✔ file existence flags reflect actual state (153.0948ms)
✔ cmdInitNewMilestone (245.1338ms)
▶ milestone complete command
  ✔ archives roadmap, requirements, creates MILESTONES.md (223.9105ms)
  ✔ prepends to existing MILESTONES.md (reverse chronological) (187.1047ms)
  ✔ three sequential completions maintain reverse-chronological order (318.6505ms)
  ✔ archives phase directories with --archive-phases flag (190.3572ms)
  ✔ archived REQUIREMENTS.md contains archive header (176.9762ms)
  ✔ STATE.md gets updated during milestone complete (170.8063ms)
  ✔ handles missing ROADMAP.md gracefully (157.9559ms)
  ✔ scopes stats to current milestone phases only (150.5524ms)
  ✔ archive-phases only archives current milestone phases (150.385ms)
  ✔ phase 1 in roadmap does NOT match directory 10-something (no prefix collision) (122.9229ms)
  ✔ non-numeric directory is excluded when milestone scoping is active (147.5387ms)
  ✔ large phase numbers (456, 457) scope correctly (193.4784ms)
  ✔ handles empty phases directory (121.1051ms)
✔ milestone complete command (2316.2531ms)
▶ requirements mark-complete command
  ✔ marks single requirement complete (checkbox + table) (171.0978ms)
  ✔ handles mixed prefixes in single call (TEST-XX, REG-XX, INFRA-XX) (121.4361ms)
  ✔ accepts space-separated IDs (110.7707ms)
  ✔ accepts bracket-wrapped IDs [REQ-01, REQ-02] (186.5756ms)
  ✔ returns not_found for invalid IDs while updating valid ones (299.2185ms)
  ✔ idempotent — re-marking already-complete requirement does not corrupt (360.3581ms)
  ✔ returns already_complete for idempotent calls on completed requirements (110.1836ms)
  ✔ mixed: updates pending, reports already-complete, and flags missing (111.4248ms)
  ✔ missing REQUIREMENTS.md returns expected error structure (132.3318ms)
✔ requirements mark-complete command (1604.3094ms)

[36m   ██████╗ ███████╗██████╗
  ██╔════╝ ██╔════╝██╔══██╗
  ██║  ███╗███████╗██║  ██║
  ██║   ██║╚════██║██║  ██║
  ╚██████╔╝███████║██████╔╝
   ╚═════╝ ╚══════╝╚═════╝[0m

  Get Shit Done [2mv1.25.1[0m
  A meta-prompting, context engineering and spec-driven
  development system for Claude Code, OpenCode, Gemini, Codex, Copilot, Antigravity, and CodeBuddy by TÂCHES.

▶ OpenCode agent conversion (isAgent: true)
  ✔ keeps name: field for agents (2.2288ms)
  ✔ adds model: inherit (6.6614ms)
  ✔ adds mode: subagent (0.4362ms)
  ✔ strips tools: field (0.2647ms)
  ✔ strips skills: array (1.1628ms)
  ✔ strips color: field (0.314ms)
  ✔ strips commented hooks block (0.1931ms)
  ✔ keeps description: field (0.1894ms)
  ✔ preserves body content (0.1948ms)
  ✔ applies body text replacements (0.3094ms)
✔ OpenCode agent conversion (isAgent: true) (18.4282ms)
▶ OpenCode command conversion (isAgent: false, default)
  ✔ strips name: field for commands (0.2793ms)
  ✔ does not add model: or mode: for commands (0.1119ms)
  ✔ keeps description: for commands (0.0862ms)
✔ OpenCode command conversion (isAgent: false, default) (0.64ms)
▶ phases list command
  ✔ empty phases directory returns empty array (249.2841ms)
  ✔ lists phase directories sorted numerically (136.1459ms)
  ✔ handles decimal phases in sort order (141.0437ms)
  ✔ --type plans lists only PLAN.md files (140.9924ms)
  ✔ --type summaries lists only SUMMARY.md files (147.9224ms)
  ✔ --phase filters to specific phase directory (188.535ms)
✔ phases list command (1005.5116ms)
▶ phase next-decimal command
  ✔ returns X.1 when no decimal phases exist (129.2829ms)
  ✔ increments from existing decimal phases (126.6499ms)
  ✔ handles gaps in decimal sequence (220.0048ms)
  ✔ handles single-digit phase input (114.7478ms)
  ✔ returns error if base phase does not exist (146.1356ms)
✔ phase next-decimal command (737.5497ms)
▶ phase-plan-index command
  ✔ empty phase directory returns empty plans array (115.1615ms)
  ✔ extracts single plan with frontmatter (137.6694ms)
  ✔ groups multiple plans by wave (138.433ms)
  ✔ detects incomplete plans (no matching summary) (136.7393ms)
  ✔ detects checkpoints (autonomous: false) (189.1387ms)
  ✔ phase not found returns error (141.0521ms)
✔ phase-plan-index command (858.8124ms)
▶ phase-plan-index canonical format
  ✔ files_modified: underscore key is parsed correctly (126.7593ms)
  ✔ objective: extracted from <objective> XML tag, not frontmatter (175.4962ms)
  ✔ task_count: counts <task> XML tags (282.316ms)
  ✔ all three fields work together in canonical plan format (374.9919ms)
✔ phase-plan-index canonical format (960.0618ms)
▶ phase add command
  ✔ adds phase after highest existing (110.7831ms)
  ✔ handles empty roadmap (113.3822ms)
  ✔ phase add includes **Requirements**: TBD in new ROADMAP entry (141.0611ms)
✔ phase add command (365.5733ms)
▶ phase insert command
  ✔ inserts decimal phase after target (107.3211ms)
  ✔ increments decimal when siblings exist (102.1283ms)
  ✔ rejects missing phase (109.1826ms)
  ✔ handles padding mismatch between input and roadmap (105.1268ms)
  ✔ phase insert includes **Requirements**: TBD in new ROADMAP entry (95.7252ms)
  ✔ handles #### heading depth from multi-milestone roadmaps (496.7167ms)
✔ phase insert command (1016.8216ms)
▶ phase remove command
  ✔ removes phase directory and renumbers subsequent (121.2059ms)
  ✔ rejects removal of phase with summaries unless --force (194.7105ms)
  ✔ removes decimal phase and renumbers siblings (128.7294ms)
  ✔ updates STATE.md phase count (92.9792ms)
✔ phase remove command (538.0258ms)
▶ phase complete command
  ✔ marks phase complete and transitions to next (93.7192ms)
  ✔ detects last phase in milestone (108.9985ms)
  ✔ updates REQUIREMENTS.md traceability when phase completes (146.5177ms)
  ✔ handles requirements with bracket format [REQ-01, REQ-02] (127.3113ms)
  ✔ handles phase with no requirements mapping (92.7505ms)
  ✔ handles missing REQUIREMENTS.md gracefully (97.3094ms)
  ✔ returns requirements_updated field in result (190.1385ms)
  ✔ handles In Progress status in traceability table (100.6814ms)
  ✔ scoped regex does not cross phase boundaries (127.0036ms)
  ✔ handles multi-level decimal phase without regex crash (122.3854ms)
✔ phase complete command (1207.6252ms)
▶ comparePhaseNum
  ✔ sorts integer phases numerically (0.5988ms)
  ✔ sorts decimal phases correctly (0.1849ms)
  ✔ sorts letter-suffix phases correctly (0.085ms)
  ✔ sorts hybrid phases correctly (0.0646ms)
  ✔ handles full sort order (0.1541ms)
  ✔ handles directory names with slugs (0.0767ms)
  ✔ case insensitive letter matching (0.0575ms)
  ✔ sorts multi-level decimal phases correctly (0.0711ms)
  ✔ falls back to localeCompare for non-phase strings (7.4671ms)
✔ comparePhaseNum (9.0826ms)
▶ normalizePhaseName
  ✔ pads single-digit integers (0.2783ms)
  ✔ handles decimal phases (0.0393ms)
  ✔ handles letter-suffix phases (0.0402ms)
  ✔ handles hybrid phases (0.0342ms)
  ✔ uppercases letters (0.046ms)
  ✔ handles multi-level decimal phases (0.031ms)
  ✔ returns non-matching input unchanged (0.0384ms)
✔ normalizePhaseName (0.6478ms)
▶ letter-suffix phase sorting
  ✔ lists letter-suffix phases in correct order (97.0545ms)
✔ letter-suffix phase sorting (97.1758ms)
▶ phase complete milestone-scoped next-phase
  ✔ finds next phase within milestone, ignoring prior milestone dirs (103.7926ms)
  ✔ detects last phase when only milestone phases are considered (140.2447ms)
✔ phase complete milestone-scoped next-phase (244.2897ms)
▶ quick command: --research in frontmatter
  ✔ quick.md exists (2.7919ms)
  ✔ argument-hint includes --research (0.4934ms)
  ✔ argument-hint includes all three flags (0.3279ms)
  ✔ objective section describes --research flag (0.3329ms)
✔ quick command: --research in frontmatter (5.1327ms)
▶ quick workflow: research step
  ✔ workflow file exists (0.5318ms)
  ✔ purpose mentions --research flag (0.42ms)
  ✔ step 1 parses --research flag (0.3337ms)
  ✖ step 4.75 research phase exists (0.718ms)
  ✖ research step spawns gsd-phase-researcher (0.4648ms)
  ✖ research step writes RESEARCH.md (1.4353ms)
  ✖ planner context includes RESEARCH.md when research mode (0.4998ms)
  ✔ file commit list includes RESEARCH.md (0.521ms)
  ✔ success criteria includes research items (0.3476ms)
✖ quick workflow: research step (5.7578ms)
▶ quick task: research file in task directory
  ✔ init quick returns valid task_dir for research file placement (195.6824ms)
  ✔ verify-path-exists detects RESEARCH.md in quick task directory (184.3468ms)
  ✔ verify-path-exists returns false for missing RESEARCH.md (137.9526ms)
  ✔ quick task directory supports all research workflow artifacts (877.4979ms)
✔ quick task: research file in task directory (1395.9456ms)
▶ quick workflow: banner variants for flag combinations
  ✖ has banner for research-only mode (0.7367ms)
  ✖ has banner for discuss + research mode (0.3809ms)
  ✖ has banner for research + full mode (0.4098ms)
  ✖ has banner for all three flags (0.3182ms)
✖ quick workflow: banner variants for flag combinations (2.0412ms)
▶ roadmap get-phase command
  ✔ extracts phase section from ROADMAP.md (207.9955ms)
  ✔ returns not found for missing phase (190.502ms)
  ✔ handles decimal phase numbers (151.4149ms)
  ✔ extracts full section content (113.3282ms)
  ✔ handles missing ROADMAP.md gracefully (114.2901ms)
  ✔ accepts ## phase headers (two hashes) (168.162ms)
  ✔ extracts goal when colon is outside bold (**Goal**: format) (114.5283ms)
  ✔ extracts goal for both colon-inside and colon-outside bold formats (308.2839ms)
  ✔ detects malformed ROADMAP with summary list but no detail sections (147.8324ms)
✔ roadmap get-phase command (1518.3644ms)
▶ roadmap analyze command
  ✔ missing ROADMAP.md returns error (151.262ms)
  ✔ parses phases with goals and disk status (106.7445ms)
  ✔ extracts goals and dependencies (127.1371ms)
  ✔ extracts goals and depends_on with colon outside bold (**Goal**: format) (117.4202ms)
  ✔ handles mixed colon-inside and colon-outside bold formats in analyze (115.1666ms)
✔ roadmap analyze command (618.3662ms)
▶ roadmap analyze disk status variants
  ✔ returns researched status for phase dir with only RESEARCH.md (127.4564ms)
  ✔ returns discussed status for phase dir with only CONTEXT.md (224.7441ms)
  ✔ returns empty status for phase dir with no recognized files (118.7397ms)
✔ roadmap analyze disk status variants (471.2577ms)
▶ roadmap analyze milestone extraction
  ✔ extracts milestone headings and version numbers (108.6814ms)
✔ roadmap analyze milestone extraction (108.8313ms)
▶ roadmap analyze missing phase details
  ✔ detects checklist-only phases missing detail sections (131.7065ms)
  ✔ returns null when all checklist phases have detail sections (284.3046ms)
✔ roadmap analyze missing phase details (416.2463ms)
▶ roadmap get-phase success criteria
  ✔ extracts success_criteria array from phase section (364.6651ms)
  ✔ returns empty array when no success criteria present (99.9634ms)
✔ roadmap get-phase success criteria (464.8796ms)
▶ roadmap update-plan-progress command
  ✔ missing phase number returns error (110.0033ms)
  ✔ nonexistent phase returns error (106.3903ms)
  ✔ no plans found returns updated false (129.1803ms)
  ✔ updates progress for partial completion (102.2027ms)
  ✔ updates progress and checks checkbox on completion (101.345ms)
  ✔ missing ROADMAP.md returns updated false (111.2945ms)
✔ roadmap update-plan-progress command (661.016ms)
▶ state-snapshot command
  ✔ missing STATE.md returns error (247.4636ms)
  ✔ extracts basic fields from STATE.md (150.3828ms)
  ✔ extracts decisions table (152.733ms)
  ✔ extracts blockers list (124.1269ms)
  ✔ extracts session continuity info (173.9901ms)
  ✔ handles paused_at field (154.246ms)
  ✔ supports --cwd override when command runs outside project root (190.1715ms)
  ✔ returns error for invalid --cwd path (145.8897ms)
✔ state-snapshot command (1341.1287ms)
▶ state mutation commands
  ✔ add-decision preserves dollar amounts without corrupting Decisions section (153.6332ms)
  ✔ add-blocker preserves dollar strings without corrupting Blockers section (135.8564ms)
  ✔ add-decision supports file inputs to preserve shell-sensitive dollar text (126.5957ms)
  ✔ add-blocker supports --text-file for shell-sensitive text (192.0728ms)
✔ state mutation commands (608.6895ms)
▶ state json command
  ✔ missing STATE.md returns error (166.1836ms)
  ✔ builds frontmatter on-the-fly from body when no frontmatter exists (106.6914ms)
  ✔ reads existing frontmatter when present (147.4693ms)
  ✔ normalizes various status values (1143.971ms)
✔ state json command (1564.7773ms)
▶ STATE.md frontmatter sync
  ✔ state update adds frontmatter to STATE.md (126.7834ms)
  ✔ state patch adds frontmatter (104.6852ms)
  ✔ frontmatter is idempotent on multiple writes (234.8166ms)
  ✔ round-trip: write then read via state json (205.7933ms)
✔ STATE.md frontmatter sync (672.489ms)
▶ stateExtractField and stateReplaceField helpers
  ✔ extracts simple field value (0.49ms)
  ✔ extracts field with colon in value (0.1449ms)
  ✔ returns null for missing field (0.159ms)
  ✔ is case-insensitive on field name (0.0806ms)
  ✔ replaces field value (0.2334ms)
  ✔ returns null when field not found (0.1031ms)
  ✔ preserves surrounding content (0.0905ms)
  ✔ round-trip: extract then replace then extract (0.1605ms)
✔ stateExtractField and stateReplaceField helpers (1.6774ms)
▶ cmdStateLoad (state load)
  ✔ returns config and state when STATE.md exists (123.5335ms)
  ✔ returns state_exists false when STATE.md missing (87.7337ms)
  ✔ returns raw key=value format with --raw flag (510.9624ms)
✔ cmdStateLoad (state load) (723.6066ms)
▶ cmdStateGet (state get)
  ✔ returns full content when no section specified (102.7478ms)
  ✔ extracts bold field value (94.8059ms)
  ✔ extracts markdown section content (99.6638ms)
  ✔ returns error for nonexistent field (115.7695ms)
  ✔ returns error when STATE.md missing (78.9551ms)
✔ cmdStateGet (state get) (492.3999ms)
▶ cmdStatePatch and cmdStateUpdate (state patch, state update)
  ✔ state patch updates multiple fields at once (91.4122ms)
  ✔ state patch reports failed fields that do not exist (90.9066ms)
  ✔ state update changes a single field (157.1588ms)
  ✔ state update reports field not found (85.8827ms)
  ✔ state update returns error when STATE.md missing (81.1622ms)
✔ cmdStatePatch and cmdStateUpdate (state patch, state update) (506.9336ms)
▶ cmdStateAdvancePlan (state advance-plan)
  ✔ advances plan counter when not on last plan (86.1207ms)
  ✔ marks phase complete on last plan (111.6237ms)
  ✔ returns error when STATE.md missing (175.6957ms)
  ✔ returns error when plan fields not parseable (99.8547ms)
✔ cmdStateAdvancePlan (state advance-plan) (473.727ms)
▶ cmdStateRecordMetric (state record-metric)
  ✔ appends metric row to existing table (116.7756ms)
  ✔ replaces None yet placeholder with first metric (110.9176ms)
  ✔ returns error when required fields missing (86.5094ms)
  ✔ returns error when STATE.md missing (81.0792ms)
✔ cmdStateRecordMetric (state record-metric) (395.7437ms)
▶ cmdStateUpdateProgress (state update-progress)
  ✔ calculates progress from plan/summary counts (102.4997ms)
  ✔ handles zero plans gracefully (146.4466ms)
  ✔ returns error when Progress field missing (83.2411ms)
  ✔ returns error when STATE.md missing (82.2224ms)
✔ cmdStateUpdateProgress (state update-progress) (414.7963ms)
▶ cmdStateResolveBlocker (state resolve-blocker)
  ✔ removes matching blocker line (case-insensitive substring match) (102.974ms)
  ✔ adds None placeholder when last blocker resolved (104.7137ms)
  ✔ returns error when text not provided (111.0033ms)
  ✔ returns error when STATE.md missing (73.4384ms)
  ✔ returns resolved true even if no line matches (79.3544ms)
✔ cmdStateResolveBlocker (state resolve-blocker) (471.911ms)
▶ cmdStateRecordSession (state record-session)
  ✔ updates session fields with stopped-at and resume-file (132.0254ms)
  ✔ updates Last session timestamp even with no other options (79.2627ms)
  ✔ sets Resume file to None when not specified (140.585ms)
  ✔ returns error when STATE.md missing (82.0714ms)
  ✔ returns recorded false when no session fields found (77.4917ms)
✔ cmdStateRecordSession (state record-session) (511.9118ms)
▶ milestone-scoped phase counting in frontmatter
  ✔ total_phases counts only current milestone phases (161.3753ms)
  ✔ total_phases includes ROADMAP phases without directories (168.6358ms)
  ✔ without ROADMAP counts all phases (pass-all filter) (161.9951ms)
✔ milestone-scoped phase counting in frontmatter (492.2763ms)
▶ validate health command
  ✔ returns 'broken' when .planning directory is missing (197.8747ms)
  ✔ warns when PROJECT.md is missing (162.5654ms)
  ✔ warns when PROJECT.md missing required sections (180.4344ms)
  ✔ passes when PROJECT.md has all required sections (209.6578ms)
  ✔ errors when ROADMAP.md is missing (176.1421ms)
  ✔ errors when STATE.md is missing with repairable true (119.3926ms)
  ✔ warns when STATE.md references nonexistent phase (148.879ms)
  ✔ warns when config.json is missing with repairable true (122.1607ms)
  ✔ errors when config.json has invalid JSON (132.852ms)
  ✔ warns when config.json has invalid model_profile (209.2362ms)
  ✔ accepts inherit model_profile as valid (105.6343ms)
  ✔ warns about incorrectly named phase directories (168.7952ms)
  ✔ reports orphaned plans (PLAN without SUMMARY) as info (122.3696ms)
  ✔ warns about phase in ROADMAP but not on disk (148.2221ms)
  ✔ warns about phase on disk but not in ROADMAP (140.7734ms)
  ✔ detects W008 when workflow.nyquist_validation absent from config (139.4242ms)
  ✔ does not emit W008 when nyquist_validation is explicitly set (112.309ms)
  ✔ detects W009 when RESEARCH.md has Validation Architecture but no VALIDATION.md (241.1525ms)
  ✔ does not emit W009 when VALIDATION.md exists alongside RESEARCH.md (283.1396ms)
  ✔ returns 'healthy' when all checks pass (359.0868ms)
  ✔ returns 'degraded' when only warnings exist (105.652ms)
✔ validate health command (3588.594ms)
▶ validate health --repair command
  ✔ creates config.json with defaults when missing (131.7191ms)
  ✔ resets config.json when JSON is invalid (132.7322ms)
  ✔ regenerates STATE.md when missing (115.4911ms)
  ✔ backs up existing STATE.md before regenerating (110.9839ms)
  ✔ adds nyquist_validation key to config.json via addNyquistKey repair (119.5824ms)
  ✔ reports repairable_count correctly (111.8933ms)
✔ validate health --repair command (723.0457ms)
▶ validate consistency command
  ✔ passes for consistent project (169.7183ms)
  ✔ warns about phase on disk but not in roadmap (124.0141ms)
  ✔ warns about gaps in phase numbering (136.3762ms)
✔ validate consistency command (431.2622ms)
▶ verify plan-structure command
  ✔ reports missing required frontmatter fields (152.6727ms)
  ✔ validates complete plan with all required fields and tasks (120.5665ms)
  ✔ reports task missing name element (158.5537ms)
  ✔ reports task missing action element (129.9241ms)
  ✔ warns about wave > 1 with empty depends_on (128.1933ms)
  ✔ errors when checkpoint task but autonomous is true (164.233ms)
  ✔ returns error for nonexistent file (156.5711ms)
✔ verify plan-structure command (1011.735ms)
▶ verify phase-completeness command
  ✔ reports complete phase with matching plans and summaries (161.2392ms)
  ✔ reports incomplete phase with plan missing summary (107.2841ms)
  ✔ warns about orphan summaries (128.7622ms)
  ✔ returns error for nonexistent phase (173.5743ms)
✔ verify phase-completeness command (571.3248ms)
▶ verify summary command
  ✔ returns not found for nonexistent summary (608.5208ms)
  ✔ passes for valid summary with real files and commits (1363.2542ms)
  ✔ reports missing files mentioned in summary (396.768ms)
  ✔ detects self-check section with pass indicators (763.71ms)
  ✔ detects self-check section with fail indicators (400.4047ms)
  ✔ REG-03: returns self_check "not_found" when no self-check section exists (555.3005ms)
  ✔ search(-1) regression: self-check guard prevents entry when no heading (449.0926ms)
  ✔ respects checkFileCount parameter (413.7951ms)
✔ verify summary command (4951.6048ms)
▶ verify references command
  ✔ reports valid when all referenced files exist (87.7075ms)
  ✔ reports missing for nonexistent referenced files (74.2646ms)
  ✔ detects backtick file paths (93.0162ms)
  ✔ skips backtick template expressions (104.4322ms)
  ✔ returns error for nonexistent file (112.234ms)
✔ verify references command (472.135ms)
▶ verify commits command
  ✔ validates real commit hashes (621.6231ms)
  ✔ reports invalid for fake hashes (347.917ms)
  ✔ handles mixed valid and invalid hashes (384.2776ms)
✔ verify commits command (1354.0966ms)
▶ verify artifacts command
  ✔ passes when all artifacts exist and match criteria (76.5496ms)
  ✔ reports missing artifact file (73.1277ms)
  ✔ reports insufficient line count (66.8219ms)
  ✔ reports missing pattern (70.6149ms)
  ✔ reports missing export (73.9302ms)
  ✔ returns error when no artifacts in frontmatter (71.8825ms)
✔ verify artifacts command (433.362ms)
▶ verify key-links command
  ✔ verifies link when pattern found in source (84.4919ms)
  ✔ verifies link when pattern found in target (69.5048ms)
  ✔ fails when pattern not found in source or target (70.1798ms)
  ✔ verifies link without pattern using string inclusion (69.1938ms)
  ✔ reports source file not found (71.2286ms)
  ✔ returns error when no key_links in frontmatter (71.0302ms)
✔ verify key-links command (436.0597ms)
ℹ tests 755
ℹ suites 133
ℹ pass 735
ℹ fail 20
ℹ cancelled 0
ℹ skipped 0
ℹ todo 0
ℹ duration_ms 10069.4241

✖ failing tests:

test at tests\agent-frontmatter.test.cjs:36:5
✖ gsd-codebase-mapper has anti-heredoc instruction (2.9632ms)
  AssertionError [ERR_ASSERTION]: gsd-codebase-mapper missing anti-heredoc instruction
      at TestContext.<anonymous> (D:\work\get-shit-done\tests\agent-frontmatter.test.cjs:38:14)
      at Test.runInAsyncScope (node:async_hooks:228:14)
      at Test.run (node:internal/test_runner/test:1118:25)
      at Test.start (node:internal/test_runner/test:1015:17)
      at node:internal/test_runner/test:1531:71
      at node:internal/per_context/primordials:466:82
      at new Promise (<anonymous>)
      at new SafePromise (node:internal/per_context/primordials:435:3)
      at node:internal/per_context/primordials:466:9
      at Array.map (<anonymous>) {
    generatedMessage: false,
    code: 'ERR_ASSERTION',
    actual: false,
    expected: true,
    operator: '==',
    diff: 'simple'
  }

test at tests\agent-frontmatter.test.cjs:36:5
✖ gsd-debugger has anti-heredoc instruction (0.6794ms)
  AssertionError [ERR_ASSERTION]: gsd-debugger missing anti-heredoc instruction
      at TestContext.<anonymous> (D:\work\get-shit-done\tests\agent-frontmatter.test.cjs:38:14)
      at Test.runInAsyncScope (node:async_hooks:228:14)
      at Test.run (node:internal/test_runner/test:1118:25)
      at Suite.processPendingSubtests (node:internal/test_runner/test:787:18)
      at Test.postRun (node:internal/test_runner/test:1247:19)
      at Test.run (node:internal/test_runner/test:1175:12)
      at async Promise.all (index 0)
      at async Suite.run (node:internal/test_runner/test:1533:7)
      at async startSubtestAfterBootstrap (node:internal/test_runner/harness:358:3) {
    generatedMessage: false,
    code: 'ERR_ASSERTION',
    actual: false,
    expected: true,
    operator: '==',
    diff: 'simple'
  }

test at tests\agent-frontmatter.test.cjs:36:5
✖ gsd-executor has anti-heredoc instruction (0.5465ms)
  AssertionError [ERR_ASSERTION]: gsd-executor missing anti-heredoc instruction
      at TestContext.<anonymous> (D:\work\get-shit-done\tests\agent-frontmatter.test.cjs:38:14)
      at Test.runInAsyncScope (node:async_hooks:228:14)
      at Test.run (node:internal/test_runner/test:1118:25)
      at Suite.processPendingSubtests (node:internal/test_runner/test:787:18)
      at Test.postRun (node:internal/test_runner/test:1247:19)
      at Test.run (node:internal/test_runner/test:1175:12)
      at async Suite.processPendingSubtests (node:internal/test_runner/test:787:7) {
    generatedMessage: false,
    code: 'ERR_ASSERTION',
    actual: false,
    expected: true,
    operator: '==',
    diff: 'simple'
  }

test at tests\agent-frontmatter.test.cjs:36:5
✖ gsd-phase-researcher has anti-heredoc instruction (0.7425ms)
  AssertionError [ERR_ASSERTION]: gsd-phase-researcher missing anti-heredoc instruction
      at TestContext.<anonymous> (D:\work\get-shit-done\tests\agent-frontmatter.test.cjs:38:14)
      at Test.runInAsyncScope (node:async_hooks:228:14)
      at Test.run (node:internal/test_runner/test:1118:25)
      at Suite.processPendingSubtests (node:internal/test_runner/test:787:18)
      at Test.postRun (node:internal/test_runner/test:1247:19)
      at Test.run (node:internal/test_runner/test:1175:12)
      at async Suite.processPendingSubtests (node:internal/test_runner/test:787:7) {
    generatedMessage: false,
    code: 'ERR_ASSERTION',
    actual: false,
    expected: true,
    operator: '==',
    diff: 'simple'
  }

test at tests\agent-frontmatter.test.cjs:36:5
✖ gsd-planner has anti-heredoc instruction (0.7268ms)
  AssertionError [ERR_ASSERTION]: gsd-planner missing anti-heredoc instruction
      at TestContext.<anonymous> (D:\work\get-shit-done\tests\agent-frontmatter.test.cjs:38:14)
      at Test.runInAsyncScope (node:async_hooks:228:14)
      at Test.run (node:internal/test_runner/test:1118:25)
      at Suite.processPendingSubtests (node:internal/test_runner/test:787:18)
      at Test.postRun (node:internal/test_runner/test:1247:19)
      at Test.run (node:internal/test_runner/test:1175:12)
      at async Suite.processPendingSubtests (node:internal/test_runner/test:787:7) {
    generatedMessage: false,
    code: 'ERR_ASSERTION',
    actual: false,
    expected: true,
    operator: '==',
    diff: 'simple'
  }

test at tests\agent-frontmatter.test.cjs:36:5
✖ gsd-project-researcher has anti-heredoc instruction (0.3571ms)
  AssertionError [ERR_ASSERTION]: gsd-project-researcher missing anti-heredoc instruction
      at TestContext.<anonymous> (D:\work\get-shit-done\tests\agent-frontmatter.test.cjs:38:14)
      at Test.runInAsyncScope (node:async_hooks:228:14)
      at Test.run (node:internal/test_runner/test:1118:25)
      at Suite.processPendingSubtests (node:internal/test_runner/test:787:18)
      at Test.postRun (node:internal/test_runner/test:1247:19)
      at Test.run (node:internal/test_runner/test:1175:12)
      at async Suite.processPendingSubtests (node:internal/test_runner/test:787:7) {
    generatedMessage: false,
    code: 'ERR_ASSERTION',
    actual: false,
    expected: true,
    operator: '==',
    diff: 'simple'
  }

test at tests\agent-frontmatter.test.cjs:36:5
✖ gsd-research-synthesizer has anti-heredoc instruction (0.2146ms)
  AssertionError [ERR_ASSERTION]: gsd-research-synthesizer missing anti-heredoc instruction
      at TestContext.<anonymous> (D:\work\get-shit-done\tests\agent-frontmatter.test.cjs:38:14)
      at Test.runInAsyncScope (node:async_hooks:228:14)
      at Test.run (node:internal/test_runner/test:1118:25)
      at Suite.processPendingSubtests (node:internal/test_runner/test:787:18)
      at Test.postRun (node:internal/test_runner/test:1247:19)
      at Test.run (node:internal/test_runner/test:1175:12)
      at async Suite.processPendingSubtests (node:internal/test_runner/test:787:7) {
    generatedMessage: false,
    code: 'ERR_ASSERTION',
    actual: false,
    expected: true,
    operator: '==',
    diff: 'simple'
  }

test at tests\agent-frontmatter.test.cjs:36:5
✖ gsd-roadmapper has anti-heredoc instruction (0.645ms)
  AssertionError [ERR_ASSERTION]: gsd-roadmapper missing anti-heredoc instruction
      at TestContext.<anonymous> (D:\work\get-shit-done\tests\agent-frontmatter.test.cjs:38:14)
      at Test.runInAsyncScope (node:async_hooks:228:14)
      at Test.run (node:internal/test_runner/test:1118:25)
      at Suite.processPendingSubtests (node:internal/test_runner/test:787:18)
      at Test.postRun (node:internal/test_runner/test:1247:19)
      at Test.run (node:internal/test_runner/test:1175:12)
      at async Suite.processPendingSubtests (node:internal/test_runner/test:787:7) {
    generatedMessage: false,
    code: 'ERR_ASSERTION',
    actual: false,
    expected: true,
    operator: '==',
    diff: 'simple'
  }

test at tests\agent-frontmatter.test.cjs:36:5
✖ gsd-ui-auditor has anti-heredoc instruction (0.5715ms)
  AssertionError [ERR_ASSERTION]: gsd-ui-auditor missing anti-heredoc instruction
      at TestContext.<anonymous> (D:\work\get-shit-done\tests\agent-frontmatter.test.cjs:38:14)
      at Test.runInAsyncScope (node:async_hooks:228:14)
      at Test.run (node:internal/test_runner/test:1118:25)
      at Suite.processPendingSubtests (node:internal/test_runner/test:787:18)
      at Test.postRun (node:internal/test_runner/test:1247:19)
      at Test.run (node:internal/test_runner/test:1175:12)
      at async Suite.processPendingSubtests (node:internal/test_runner/test:787:7) {
    generatedMessage: false,
    code: 'ERR_ASSERTION',
    actual: false,
    expected: true,
    operator: '==',
    diff: 'simple'
  }

test at tests\agent-frontmatter.test.cjs:36:5
✖ gsd-ui-researcher has anti-heredoc instruction (0.8113ms)
  AssertionError [ERR_ASSERTION]: gsd-ui-researcher missing anti-heredoc instruction
      at TestContext.<anonymous> (D:\work\get-shit-done\tests\agent-frontmatter.test.cjs:38:14)
      at Test.runInAsyncScope (node:async_hooks:228:14)
      at Test.run (node:internal/test_runner/test:1118:25)
      at Suite.processPendingSubtests (node:internal/test_runner/test:787:18)
      at Test.postRun (node:internal/test_runner/test:1247:19)
      at Test.run (node:internal/test_runner/test:1175:12)
      at async Suite.processPendingSubtests (node:internal/test_runner/test:787:7) {
    generatedMessage: false,
    code: 'ERR_ASSERTION',
    actual: false,
    expected: true,
    operator: '==',
    diff: 'simple'
  }

test at tests\agent-frontmatter.test.cjs:36:5
✖ gsd-verifier has anti-heredoc instruction (0.619ms)
  AssertionError [ERR_ASSERTION]: gsd-verifier missing anti-heredoc instruction
      at TestContext.<anonymous> (D:\work\get-shit-done\tests\agent-frontmatter.test.cjs:38:14)
      at Test.runInAsyncScope (node:async_hooks:228:14)
      at Test.run (node:internal/test_runner/test:1118:25)
      at Suite.processPendingSubtests (node:internal/test_runner/test:787:18)
      at Test.postRun (node:internal/test_runner/test:1247:19)
      at Test.run (node:internal/test_runner/test:1175:12)
      at async Suite.processPendingSubtests (node:internal/test_runner/test:787:7) {
    generatedMessage: false,
    code: 'ERR_ASSERTION',
    actual: false,
    expected: true,
    operator: '==',
    diff: 'simple'
  }

test at tests\copilot-install.test.cjs:653:3
✖ generates gsd-autonomous skill from autonomous.md command (73.2466ms)
  AssertionError [ERR_ASSERTION]: description preserved
      at TestContext.<anonymous> (D:\work\get-shit-done\tests\copilot-install.test.cjs:670:14)
      at Test.runInAsyncScope (node:async_hooks:228:14)
      at Test.run (node:internal/test_runner/test:1118:25)
      at Suite.processPendingSubtests (node:internal/test_runner/test:787:18)
      at Test.postRun (node:internal/test_runner/test:1247:19)
      at Test.run (node:internal/test_runner/test:1175:12)
      at process.processTicksAndRejections (node:internal/process/task_queues:104:5)
      at async Suite.processPendingSubtests (node:internal/test_runner/test:787:7) {
    generatedMessage: false,
    code: 'ERR_ASSERTION',
    actual: false,
    expected: true,
    operator: '==',
    diff: 'simple'
  }

test at tests\quick-research.test.cjs:91:3
✖ step 4.75 research phase exists (0.718ms)
  AssertionError [ERR_ASSERTION]: workflow should contain Step 4.75 (research phase)
      at TestContext.<anonymous> (D:\work\get-shit-done\tests\quick-research.test.cjs:93:12)
      at Test.runInAsyncScope (node:async_hooks:228:14)
      at Test.run (node:internal/test_runner/test:1118:25)
      at Suite.processPendingSubtests (node:internal/test_runner/test:787:18)
      at Test.postRun (node:internal/test_runner/test:1247:19)
      at Test.run (node:internal/test_runner/test:1175:12)
      at async Suite.processPendingSubtests (node:internal/test_runner/test:787:7) {
    generatedMessage: false,
    code: 'ERR_ASSERTION',
    actual: false,
    expected: true,
    operator: '==',
    diff: 'simple'
  }

test at tests\quick-research.test.cjs:99:3
✖ research step spawns gsd-phase-researcher (0.4648ms)
  AssertionError [ERR_ASSERTION]: research step should spawn gsd-phase-researcher agent
      at TestContext.<anonymous> (D:\work\get-shit-done\tests\quick-research.test.cjs:105:12)
      at Test.runInAsyncScope (node:async_hooks:228:14)
      at Test.run (node:internal/test_runner/test:1118:25)
      at Suite.processPendingSubtests (node:internal/test_runner/test:787:18)
      at Test.postRun (node:internal/test_runner/test:1247:19)
      at Test.run (node:internal/test_runner/test:1175:12)
      at async Suite.processPendingSubtests (node:internal/test_runner/test:787:7) {
    generatedMessage: false,
    code: 'ERR_ASSERTION',
    actual: false,
    expected: true,
    operator: '==',
    diff: 'simple'
  }

test at tests\quick-research.test.cjs:111:3
✖ research step writes RESEARCH.md (1.4353ms)
  AssertionError [ERR_ASSERTION]: research step should reference RESEARCH.md output file
      at TestContext.<anonymous> (D:\work\get-shit-done\tests\quick-research.test.cjs:117:12)
      at Test.runInAsyncScope (node:async_hooks:228:14)
      at Test.run (node:internal/test_runner/test:1118:25)
      at Suite.processPendingSubtests (node:internal/test_runner/test:787:18)
      at Test.postRun (node:internal/test_runner/test:1247:19)
      at Test.run (node:internal/test_runner/test:1175:12)
      at async Suite.processPendingSubtests (node:internal/test_runner/test:787:7) {
    generatedMessage: false,
    code: 'ERR_ASSERTION',
    actual: false,
    expected: true,
    operator: '==',
    diff: 'simple'
  }

test at tests\quick-research.test.cjs:123:3
✖ planner context includes RESEARCH.md when research mode (0.4998ms)
  AssertionError [ERR_ASSERTION]: planner should read RESEARCH.md when $RESEARCH_MODE is true
      at TestContext.<anonymous> (D:\work\get-shit-done\tests\quick-research.test.cjs:129:12)
      at Test.runInAsyncScope (node:async_hooks:228:14)
      at Test.run (node:internal/test_runner/test:1118:25)
      at Suite.processPendingSubtests (node:internal/test_runner/test:787:18)
      at Test.postRun (node:internal/test_runner/test:1247:19)
      at Test.run (node:internal/test_runner/test:1175:12)
      at async Suite.processPendingSubtests (node:internal/test_runner/test:787:7) {
    generatedMessage: false,
    code: 'ERR_ASSERTION',
    actual: false,
    expected: true,
    operator: '==',
    diff: 'simple'
  }

test at tests\quick-research.test.cjs:266:3
✖ has banner for research-only mode (0.7367ms)
  AssertionError [ERR_ASSERTION]: should have banner for --research only
      at TestContext.<anonymous> (D:\work\get-shit-done\tests\quick-research.test.cjs:268:12)
      at Test.runInAsyncScope (node:async_hooks:228:14)
      at Test.run (node:internal/test_runner/test:1118:25)
      at Test.start (node:internal/test_runner/test:1015:17)
      at node:internal/test_runner/test:1531:71
      at node:internal/per_context/primordials:466:82
      at new Promise (<anonymous>)
      at new SafePromise (node:internal/per_context/primordials:435:3)
      at node:internal/per_context/primordials:466:9
      at Array.map (<anonymous>) {
    generatedMessage: false,
    code: 'ERR_ASSERTION',
    actual: false,
    expected: true,
    operator: '==',
    diff: 'simple'
  }

test at tests\quick-research.test.cjs:274:3
✖ has banner for discuss + research mode (0.3809ms)
  AssertionError [ERR_ASSERTION]: should have banner for --discuss --research
      at TestContext.<anonymous> (D:\work\get-shit-done\tests\quick-research.test.cjs:276:12)
      at Test.runInAsyncScope (node:async_hooks:228:14)
      at Test.run (node:internal/test_runner/test:1118:25)
      at Suite.processPendingSubtests (node:internal/test_runner/test:787:18)
      at Test.postRun (node:internal/test_runner/test:1247:19)
      at Test.run (node:internal/test_runner/test:1175:12)
      at async Promise.all (index 0)
      at async Suite.run (node:internal/test_runner/test:1533:7)
      at async Test.processPendingSubtests (node:internal/test_runner/test:787:7) {
    generatedMessage: false,
    code: 'ERR_ASSERTION',
    actual: false,
    expected: true,
    operator: '==',
    diff: 'simple'
  }

test at tests\quick-research.test.cjs:282:3
✖ has banner for research + full mode (0.4098ms)
  AssertionError [ERR_ASSERTION]: should have banner for --research --full
      at TestContext.<anonymous> (D:\work\get-shit-done\tests\quick-research.test.cjs:284:12)
      at Test.runInAsyncScope (node:async_hooks:228:14)
      at Test.run (node:internal/test_runner/test:1118:25)
      at Suite.processPendingSubtests (node:internal/test_runner/test:787:18)
      at Test.postRun (node:internal/test_runner/test:1247:19)
      at Test.run (node:internal/test_runner/test:1175:12)
      at async Suite.processPendingSubtests (node:internal/test_runner/test:787:7) {
    generatedMessage: false,
    code: 'ERR_ASSERTION',
    actual: false,
    expected: true,
    operator: '==',
    diff: 'simple'
  }

test at tests\quick-research.test.cjs:290:3
✖ has banner for all three flags (0.3182ms)
  AssertionError [ERR_ASSERTION]: should have banner for --discuss --research --full
      at TestContext.<anonymous> (D:\work\get-shit-done\tests\quick-research.test.cjs:292:12)
      at Test.runInAsyncScope (node:async_hooks:228:14)
      at Test.run (node:internal/test_runner/test:1118:25)
      at Suite.processPendingSubtests (node:internal/test_runner/test:787:18)
      at Test.postRun (node:internal/test_runner/test:1247:19)
      at Test.run (node:internal/test_runner/test:1175:12)
      at async Suite.processPendingSubtests (node:internal/test_runner/test:787:7) {
    generatedMessage: false,
    code: 'ERR_ASSERTION',
    actual: false,
    expected: true,
    operator: '==',
    diff: 'simple'
  }
